// Jest Snapshot v1, https://goo.gl/fbAQLP

exports[`<Main /> should render correctly 1`] = `
<div>
  <h3>
    Main
  </h3>
</div>
`;
